plant apricot
plant acai-berry
plant adzuki-bean
plant almond-butter
plant almond
plant amaranth
plant artichoke
plant asparagus
plant aubergine
plant ashwagandha
plant avocado
plant bamboo-shoots
plant barley
plant basil
plant banana
plant belgian-endive
plant beetroot
plant bay-leaf
plant black-bean
plant black-eyed-pea
plant black-pepper
plant black-rice
plant blackberry
plant blueberry
plant brazil-nut
plant broccoli
plant brown-rice
plant buckwheat
plant brussels-sprouts
plant bulgur-wheat
plant butter-bean
plant butternut-squash
plant button-mushroom
plant cabbage
plant cacao-nibs
plant cannellini-bean
plant cantaloupe
plant caper
plant cape-gooseberry
plant cardamom
plant carrot
plant carolina-reaper
plant cashew
plant cauliflower
plant celeriac
plant celery
plant chanterelle
plant cherry
plant cherry-tomato
plant chia-seed
plant chervil
plant chickpea
plant chilli-flakes
plant chilli
plant chinese-broccoli
plant chives
plant clementine
plant cinnamon
plant coconut
plant coffee
plant coriander
plant corn
plant courgette
plant cranberry
plant cucumber
plant daikon
plant date
plant edamame
plant dragon-fruit
plant durian
plant dill
plant enoki-mushroom
plant farro
plant fava-bean
plant flaxseed
plant fig
plant fennel
plant freekeh
plant galangal
plant garlic
plant ghost-pepper
plant goji-berry
plant ginger
plant golden-kiwi
plant gooseberry
plant grape
plant green-apple
plant grapefruit
plant green-bean
plant green-lentils
plant green-pepper
plant guava
plant habanero
plant hazelnut
plant hemp-seeds
plant iceberg-lettuce
plant honeydew-melon
plant jalapeno
plant kefir
plant kale
plant kidney-bean
plant kimchi
plant kiwi
plant kohlrabi
plant kombucha
plant lambs-lettuce
plant leek
plant lemon
plant lemongrass
plant lime
plant lima-bean
plant lions-mane-mushroom
plant lovage
plant lupin-bean
plant lychee
plant macadamia
plant makrut-lime-leaf
plant mango
plant mangosteen
plant marsh-samphire
plant millet
plant miso
plant mint
plant mung-bean
plant mushroom
plant mung-bean-sprouts
plant mustard-seed
plant nectarine
plant napa-cabbage
plant nigella-seeds
plant okra
plant oats
plant olive
plant onion
plant orange
plant oregano
plant oyster-mushroom
plant pak-choi
plant papaya
plant parsnip
plant parsley
plant passion-fruit
plant pea
plant peach
plant peanut
plant pear
plant pecan
plant pickle
plant pine-nut
plant pineapple
plant pinto-bean
plant pistachio
plant plum
plant pomelo
plant pomegranate
plant pointed-cabbage
plant poppy-seeds
plant potato
plant prickly-pear
plant pumpkin-seeds
plant pumpkin
plant psyllium-husk
plant purple-potato
plant quinoa
plant radicchio
plant radish
plant raspberry
plant rambutan
plant red-apple
plant red-cabbage
plant red-currant
plant red-onion
plant red-lentils
plant red-pepper
plant rocket
plant romaine-lettuce
plant rose-apple
plant rosemary
plant runner-bean
plant rye
plant sage
plant sauerkraut
plant sesame-seeds
plant seaweed
plant soybean-sprouts
plant shallot
plant shiitake
plant sichuan-pepper
plant sorghum
plant spelt
plant sourdough-bread
plant split-peas
plant spinach
plant spring-onion
plant star-fruit
plant strawberry
plant sunflower-butter
plant stinging-nettle
plant sunflower-seeds
plant sweet-potato
plant sweetcorn
plant tahini
plant tarragon
plant swiss-chard
plant teff
plant tempeh
plant thai-pepper
plant thyme
plant turmeric
plant tofu
plant tomato
plant turnip
plant wakame
plant walnut
plant watermelon-seeds
plant watercress
plant wheat
plant watermelon
plant white-asparagus
plant white-bean
plant wild-rice
plant yellow-pepper
plant yogurt
plant wood-ear-mushroom
avatar female/Amara
avatar female/Camila
avatar female/Elena
avatar female/Freya
avatar female/Isabella
avatar female/Ngozi
avatar female/Priya
avatar female/Sophia
avatar female/Yuki
avatar female/Zara
avatar male/Anton
avatar male/Diego
avatar male/Erik
avatar male/Hiroshi
avatar male/Jamal
avatar male/Kai
avatar male/Liam
avatar male/Marcus
avatar male/Rashid
avatar male/Tobias
avatar unknown/Bunny
avatar unknown/Crocodile
avatar unknown/Jester
avatar unknown/Robot
avatar unknown/Shark
notification icon
done: 224 plants, 25 avatars, 0 failed
